// Jest Snapshot v1, https://goo.gl/fbAQLP

exports[`Card renders correctly 1`] = `
<div class="card mt-2">
  <div class="card-body"></div>
</div>
`;
